87.142.146.80 - - [01/Feb/2022:05:49:25 +0000] "GET / HTTP/2.0" 502 150 "-" "Mozilla/5.0 (Windows NT 10.0; Win64; x64; rv:80.0) Gecko/20100101 Firefox/80.0"
87.142.146.80 - - [01/Feb/2022:05:49:25 +0000] "GET /favicon.ico HTTP/2.0" 499 0 "-" "Mozilla/5.0 (Windows NT 10.0; Win64; x64; rv:80.0) Gecko/20100101 Firefox/80.0"
87.142.146.80 - - [01/Feb/2022:05:49:28 +0000] "GET / HTTP/2.0" 502 150 "-" "Mozilla/5.0 (Windows NT 10.0; Win64; x64; rv:80.0) Gecko/20100101 Firefox/80.0"
87.142.146.80 - - [01/Feb/2022:05:49:37 +0000] "GET / HTTP/2.0" 502 150 "-" "Mozilla/5.0 (Windows NT 10.0; Win64; x64; rv:80.0) Gecko/20100101 Firefox/80.0"
87.142.146.80 - - [01/Feb/2022:05:49:37 +0000] "GET /favicon.ico HTTP/2.0" 502 150 "-" "Mozilla/5.0 (Windows NT 10.0; Win64; x64; rv:80.0) Gecko/20100101 Firefox/80.0"
149.154.161.2 - - [01/Feb/2022:05:54:14 +0000] "GET / HTTP/1.1" 301 162 "-" "TelegramBot (like TwitterBot)"
149.154.161.2 - - [01/Feb/2022:05:54:14 +0000] "GET / HTTP/1.1" 502 150 "-" "TelegramBot (like TwitterBot)"
149.154.161.14 - - [01/Feb/2022:05:55:15 +0000] "GET / HTTP/1.1" 301 162 "-" "TelegramBot (like TwitterBot)"
149.154.161.14 - - [01/Feb/2022:05:55:15 +0000] "GET / HTTP/1.1" 502 150 "-" "TelegramBot (like TwitterBot)"
149.154.161.2 - - [01/Feb/2022:05:56:16 +0000] "GET / HTTP/1.1" 301 162 "-" "TelegramBot (like TwitterBot)"
149.154.161.2 - - [01/Feb/2022:05:56:16 +0000] "GET / HTTP/1.1" 502 150 "-" "TelegramBot (like TwitterBot)"
125.64.94.140 - - [01/Feb/2022:06:15:44 +0000] "GET / HTTP/1.0" 301 162 "-" "-"
125.64.94.140 - - [01/Feb/2022:06:15:44 +0000] "GET / HTTP/1.1" 301 162 "-" "Mozilla/5.0 (X11; Linux x86_64) AppleWebKit/537.36 (KHTML, like Gecko) Chrome/86.0.4 240.111 Safari/537.36"
125.64.94.140 - - [01/Feb/2022:06:15:45 +0000] "GET / HTTP/1.1" 200 595 "http://138.246.234.184" "Mozilla/5.0 (X11; Linux x86_64) AppleWebKit/537.36 (KHTML, like Gecko) Chrome/86.0.4 240.111 Safari/537.36"
125.64.94.140 - - [01/Feb/2022:06:15:46 +0000] "GET /favicon.ico HTTP/1.1" 301 162 "-" "Mozilla/5.0 (X11; Linux x86_64) AppleWebKit/537.36 (KHTML, like Gecko) Chrome/86.0.4 240.111 Safari/537.36"
125.64.94.140 - - [01/Feb/2022:06:15:47 +0000] "GET /favicon.ico HTTP/1.1" 200 595 "http://138.246.234.184/favicon.ico" "Mozilla/5.0 (X11; Linux x86_64) AppleWebKit/537.36 (KHTML, like Gecko) Chrome/86.0.4 240.111 Safari/537.36"
125.64.94.140 - - [01/Feb/2022:06:15:47 +0000] "GET /robots.txt HTTP/1.1" 301 162 "-" "Mozilla/5.0 (X11; Linux x86_64) AppleWebKit/537.36 (KHTML, like Gecko) Chrome/86.0.4 240.111 Safari/537.36"
125.64.94.140 - - [01/Feb/2022:06:15:48 +0000] "GET /robots.txt HTTP/1.1" 200 595 "http://138.246.234.184/robots.txt" "Mozilla/5.0 (X11; Linux x86_64) AppleWebKit/537.36 (KHTML, like Gecko) Chrome/86.0.4 240.111 Safari/537.36"
125.64.94.140 - - [01/Feb/2022:06:15:48 +0000] "GET /.well-known/security.txt HTTP/1.1" 301 162 "-" "Mozilla/5.0 (X11; Linux x86_64) AppleWebKit/537.36 (KHTML, like Gecko) Chrome/86.0.4 240.111 Safari/537.36"
125.64.94.140 - - [01/Feb/2022:06:15:49 +0000] "GET /.well-known/security.txt HTTP/1.1" 200 595 "http://138.246.234.184/.well-known/security.txt" "Mozilla/5.0 (X11; Linux x86_64) AppleWebKit/537.36 (KHTML, like Gecko) Chrome/86.0.4 240.111 Safari/537.36"
192.241.211.125 - - [01/Feb/2022:06:27:04 +0000] "GET /actuator/health HTTP/1.1" 200 595 "-" "Mozilla/5.0 zgrab/0.x"
45.146.165.37 - - [01/Feb/2022:07:06:51 +0000] "POST /Autodiscover/Autodiscover.xml HTTP/1.1" 405 552 "-" "Mozilla/5.0 (Windows NT 10.0; Win64; x64) AppleWebKit/537.36 (KHTML, like Gecko) Chrome/78.0.3904.108 Safari/537.36"
62.171.132.199 - - [01/Feb/2022:07:23:00 +0000] "GET /config/getuser?index=0 HTTP/1.1" 400 248 "-" "Mozilla/5.0 (X11; Ubuntu; Linux x86_64; rv:76.0) Gecko/20100101 Firefox/76.0"
128.14.209.170 - - [01/Feb/2022:07:27:30 +0000] "GET / HTTP/1.1" 200 595 "-" "Mozilla/5.0 (Windows NT 10.0; Win64; x64) AppleWebKit/537.36 (KHTML, like Gecko) Chrome/60.0.3112.113 Safari/537.36"
5.188.210.227 - - [01/Feb/2022:07:39:26 +0000] "\x05\x01\x00" 400 150 "-" "-"
5.188.210.227 - - [01/Feb/2022:07:40:56 +0000] "\x04\x01\x00P\x05\xBC\xD2\xE3\x00" 400 150 "-" "-"
5.188.210.227 - - [01/Feb/2022:07:42:13 +0000] "GET http://5.188.210.227/echo.php HTTP/1.1" 400 650 "https://www.google.com/" "Mozilla/5.0 (Windows NT 6.1) AppleWebKit/537.36 (KHTML, like Gecko) Chrome/70.0.3538.77 Safari/537.36"
45.146.165.37 - - [01/Feb/2022:07:42:44 +0000] "GET /_ignition/execute-solution HTTP/1.1" 200 595 "-" "Mozilla/5.0 (Windows NT 10.0; Win64; x64) AppleWebKit/537.36 (KHTML, like Gecko) Chrome/78.0.3904.108 Safari/537.36"
185.189.182.234 - - [01/Feb/2022:07:51:42 +0000] "GET /bk0_ HTTP/1.1" 400 150 "-" "-"
45.146.165.37 - - [01/Feb/2022:07:58:01 +0000] "GET / HTTP/1.1" 200 595 "-" "Mozilla/5.0 (Windows NT 10.0; Win64; x64) AppleWebKit/537.36 (KHTML, like Gecko) Chrome/78.0.3904.108 Safari/537.36"
5.188.210.227 - - [01/Feb/2022:08:02:25 +0000] "\x05\x01\x00" 400 150 "-" "-"
5.188.210.227 - - [01/Feb/2022:08:03:24 +0000] "\x04\x01\x00P\x05\xBC\xD2\xE3\x00" 400 150 "-" "-"
5.188.210.227 - - [01/Feb/2022:08:04:46 +0000] "GET http://5.188.210.227/echo.php HTTP/1.1" 301 162 "https://www.google.com/" "Mozilla/5.0 (Windows NT 6.1) AppleWebKit/537.36 (KHTML, like Gecko) Chrome/70.0.3538.77 Safari/537.36"
23.251.102.74 - - [01/Feb/2022:08:06:32 +0000] "GET / HTTP/1.1" 200 595 "-" "Mozilla/5.0 (Windows NT 10.0; Win64; x64) AppleWebKit/537.36 (KHTML, like Gecko) Chrome/60.0.3112.113 Safari/537.36"
23.251.102.74 - - [01/Feb/2022:08:06:33 +0000] "GET /webfig/ HTTP/1.1" 200 595 "-" "Mozilla/5.0 (Windows NT 10.0; Win64; x64) AppleWebKit/537.36 (KHTML, like Gecko) Chrome/60.0.3112.113 Safari/537.36"
34.140.248.32 - - [01/Feb/2022:08:09:36 +0000] "GET / HTTP/1.1" 200 595 "-" "python-requests/2.27.1"
91.151.90.22 - - [01/Feb/2022:08:16:58 +0000] "GET / HTTP/1.1" 301 162 "-" "-"
91.151.90.22 - - [01/Feb/2022:08:16:58 +0000] "POST /HNAP1/ HTTP/1.1" 301 162 "-" "Mozila/5.0"
138.94.31.247 - - [01/Feb/2022:08:27:24 +0000] "GET / HTTP/1.1" 301 162 "-" "Mozilla/5.0 (Windows NT 6.1; WOW64) AppleWebKit/537.36 (KHTML, like Gecko) Chrome/52.0.2743.116 Safari/537.36"
66.240.205.34 - - [01/Feb/2022:08:34:33 +0000] "H\x00\x00\x00tj\xA8\x9E#D\x98+\xCA\xF0\xA7\xBBl\xC5\x19\xD7\x8D\xB6\x18\xEDJ\x1En\xC1\xF9xu[l\xF0E\x1D-j\xEC\xD4xL\xC9r\xC9\x15\x10u\xE0%\x86Rtg\x05fv\x86]%\xCC\x80\x0C\xE8\xCF\xAE\x00\xB5\xC0f\xC8\x8DD\xC5\x09\xF4" 400 150 "-" "-"
62.171.132.199 - - [01/Feb/2022:08:57:44 +0000] "GET /config/getuser?index=0 HTTP/1.1" 301 162 "-" "Mozilla/5.0 (X11; Ubuntu; Linux x86_64; rv:76.0) Gecko/20100101 Firefox/76.0"
45.146.165.37 - - [01/Feb/2022:08:58:44 +0000] "GET / HTTP/1.1" 200 595 "-" "Mozilla/5.0 (Windows NT 10.0; Win64; x64) AppleWebKit/537.36 (KHTML, like Gecko) Chrome/78.0.3904.108 Safari/537.36"
45.137.21.134 - - [01/Feb/2022:09:10:16 +0000] "GET /dispatch.asp HTTP/1.1" 301 162 "-" "Mozilla/5.0 (iPad; CPU OS 7_1_2 like Mac OS X; en-US) AppleWebKit/531.5.2 (KHTML, like Gecko) Version/4.0.5 Mobile/8B116 Safari/6531.5.2"
192.241.193.195 - - [01/Feb/2022:09:13:09 +0000] "GET / HTTP/1.1" 301 162 "-" "Mozilla/5.0 zgrab/0.x"
184.105.247.196 - - [01/Feb/2022:09:25:56 +0000] "GET / HTTP/1.1" 200 1345 "-" "-"
192.241.213.218 - - [01/Feb/2022:09:31:15 +0000] "GET / HTTP/1.1" 200 595 "-" "Mozilla/5.0 zgrab/0.x"
23.251.102.74 - - [01/Feb/2022:09:38:47 +0000] "GET / HTTP/1.1" 301 162 "-" "Mozilla/5.0 (Windows NT 10.0; Win64; x64) AppleWebKit/537.36 (KHTML, like Gecko) Chrome/60.0.3112.113 Safari/537.36"
23.251.102.74 - - [01/Feb/2022:09:38:48 +0000] "GET / HTTP/1.1" 200 595 "http://138.246.234.184/" "Mozilla/5.0 (Windows NT 10.0; Win64; x64) AppleWebKit/537.36 (KHTML, like Gecko) Chrome/60.0.3112.113 Safari/537.36"
23.251.102.74 - - [01/Feb/2022:09:38:50 +0000] "GET /webfig/ HTTP/1.1" 301 162 "-" "Mozilla/5.0 (Windows NT 10.0; Win64; x64) AppleWebKit/537.36 (KHTML, like Gecko) Chrome/60.0.3112.113 Safari/537.36"
23.251.102.74 - - [01/Feb/2022:09:38:51 +0000] "GET /webfig/ HTTP/1.1" 200 595 "http://138.246.234.184/webfig/" "Mozilla/5.0 (Windows NT 10.0; Win64; x64) AppleWebKit/537.36 (KHTML, like Gecko) Chrome/60.0.3112.113 Safari/537.36"
45.146.165.37 - - [01/Feb/2022:09:52:23 +0000] "POST /cgi-bin/.%2e/.%2e/.%2e/.%2e/bin/sh HTTP/1.1" 400 150 "-" "-"
45.61.187.144 - - [01/Feb/2022:10:29:48 +0000] "GET /manager/html HTTP/1.1" 400 150 "-" "-"
193.118.53.202 - - [01/Feb/2022:10:56:47 +0000] "GET / HTTP/1.1" 200 595 "-" "Mozilla/5.0 (Windows NT 10.0; Win64; x64) AppleWebKit/537.36 (KHTML, like Gecko) Chrome/60.0.3112.113 Safari/537.36"
45.146.165.37 - - [01/Feb/2022:11:00:33 +0000] "GET / HTTP/1.1" 200 595 "-" "Mozilla/5.0 (Windows NT 10.0; Win64; x64) AppleWebKit/537.36 (KHTML, like Gecko) Chrome/78.0.3904.108 Safari/537.36"
45.61.187.144 - - [01/Feb/2022:11:30:51 +0000] "GET /manager/html HTTP/1.1" 400 150 "-" "-"
107.189.28.51 - - [01/Feb/2022:11:47:17 +0000] "GET / HTTP/1.1" 301 162 "-" "-"
107.189.28.51 - - [01/Feb/2022:11:47:17 +0000] "POST /HNAP1/ HTTP/1.1" 301 162 "-" "Mozila/5.0"
92.118.160.1 - - [01/Feb/2022:11:50:17 +0000] "GET / HTTP/1.1" 301 162 "-" "NetSystemsResearch studies the availability of various services across the internet. Our website is netsystemsresearch.com"
92.118.160.1 - - [01/Feb/2022:11:50:18 +0000] "GET / HTTP/1.1" 200 439 "http://138.246.234.184:80/" "Go http package"
107.189.28.51 - - [01/Feb/2022:11:55:10 +0000] "GET / HTTP/1.1" 301 162 "-" "-"
107.189.28.51 - - [01/Feb/2022:11:55:10 +0000] "POST /HNAP1/ HTTP/1.1" 301 162 "-" "Mozila/5.0"
185.196.220.60 - - [01/Feb/2022:11:55:26 +0000] "POST /GponForm/diag_Form?script/ HTTP/1.1" 301 162 "-" "Hello, World"
186.33.84.124 - - [01/Feb/2022:12:04:52 +0000] "GET / HTTP/1.1" 301 162 "-" "Mozilla/5.0 (Windows NT 10.0; WOW64) AppleWebKit/537.36 (KHTML, like Gecko) Chrome/52.0.2743.116 Safari/537.36"
185.196.220.60 - - [01/Feb/2022:12:05:28 +0000] "POST /GponForm/diag_Form?script/ HTTP/1.1" 301 162 "-" "Hello, World"
34.78.225.70 - - [01/Feb/2022:12:05:31 +0000] "GET /assets/js/quickblox/config.js HTTP/1.1" 200 595 "-" "Mozilla/5.0 (Windows NT 10.0; WOW64) AppleWebKit/537.36 (KHTML, like Gecko) Chrome/82.0.4085.6 Safari/537.36"
185.196.220.60 - - [01/Feb/2022:12:15:30 +0000] "POST /GponForm/diag_Form?script/ HTTP/1.1" 301 162 "-" "Hello, World"
78.188.91.168 - - [01/Feb/2022:12:45:33 +0000] "GET / HTTP/1.0" 301 162 "-" "-"
172.93.194.125 - - [01/Feb/2022:13:09:55 +0000] "GET /autodiscover/autodiscover.json?@1337.com/owa/?&Email=autodiscover/autodiscover.json%3F@1337.com HTTP/1.1" 200 595 "-" "Mozilla/5.0 (Windows NT 10.0; rv:68.0) Gecko/20100101 Firefox/68.0"
74.82.47.4 - - [01/Feb/2022:13:15:40 +0000] "GET / HTTP/1.1" 301 162 "-" "-"
178.239.21.164 - - [01/Feb/2022:13:23:16 +0000] "GET ///admin/config.php HTTP/1.1" 404 47 "-" "python-requests/2.6.0 CPython/2.7.5 Linux/3.10.0-1160.el7.x86_64"
92.118.160.9 - - [01/Feb/2022:13:32:36 +0000] "GET / HTTP/1.1" 200 439 "-" "NetSystemsResearch studies the availability of various services across the internet. Our website is netsystemsresearch.com"
3.101.13.138 - - [01/Feb/2022:13:42:54 +0000] "GET / HTTP/1.1" 301 162 "-" "Mozilla/5.0 (Windows NT 5.1; rv:9.0.1) Gecko/20100101 Firefox/9.0.1"
3.101.13.138 - - [01/Feb/2022:13:42:55 +0000] "GET / HTTP/1.1" 200 595 "-" "Mozilla/5.0 (Windows NT 5.1; rv:9.0.1) Gecko/20100101 Firefox/9.0.1"
45.146.165.37 - - [01/Feb/2022:15:26:59 +0000] "GET /solr/admin/info/system?wt=json HTTP/1.1" 301 162 "-" "Mozilla/5.0 (Windows NT 10.0; Win64; x64) AppleWebKit/537.36 (KHTML, like Gecko) Chrome/78.0.3904.108 Safari/537.36"
45.146.165.37 - - [01/Feb/2022:15:27:00 +0000] "GET /solr/admin/info/system?wt=json HTTP/1.1" 200 595 "http://138.246.234.184:80/solr/admin/info/system?wt=json" "Mozilla/5.0 (Windows NT 10.0; Win64; x64) AppleWebKit/537.36 (KHTML, like Gecko) Chrome/78.0.3904.108 Safari/537.36"
193.118.53.210 - - [01/Feb/2022:15:38:08 +0000] "GET /solr/ HTTP/1.1" 301 162 "-" "Mozilla/5.0 (Windows NT 10.0; Win64; x64) AppleWebKit/537.36 (KHTML, like Gecko) Chrome/60.0.3112.113 Safari/537.36"
193.118.53.210 - - [01/Feb/2022:15:38:08 +0000] "GET /solr/ HTTP/1.1" 200 595 "http://138.246.234.184/solr/#/" "Mozilla/5.0 (Windows NT 10.0; Win64; x64) AppleWebKit/537.36 (KHTML, like Gecko) Chrome/60.0.3112.113 Safari/537.36"
45.146.165.37 - - [01/Feb/2022:15:55:27 +0000] "GET /index.php?s=/Index/\x5Cthink\x5Capp/invokefunction&function=call_user_func_array&vars[0]=md5&vars[1][]=HelloThinkPHP21 HTTP/1.1" 301 162 "-" "Mozilla/5.0 (Windows NT 10.0; Win64; x64) AppleWebKit/537.36 (KHTML, like Gecko) Chrome/78.0.3904.108 Safari/537.36"
45.146.165.37 - - [01/Feb/2022:15:55:27 +0000] "GET /index.php?s=/Index/\x5Cthink\x5Capp/invokefunction&function=call_user_func_array&vars[0]=md5&vars[1][]=HelloThinkPHP21 HTTP/1.1" 404 47 "http://138.246.234.184:80/index.php?s=/Index/\x5Cthink\x5Capp/invokefunction&function=call_user_func_array&vars[0]=md5&vars[1][]=HelloThinkPHP21" "Mozilla/5.0 (Windows NT 10.0; Win64; x64) AppleWebKit/537.36 (KHTML, like Gecko) Chrome/78.0.3904.108 Safari/537.36"
45.146.165.37 - - [01/Feb/2022:16:37:46 +0000] "GET /?a=fetch&content=<php>die(@md5(HelloThinkCMF))</php> HTTP/1.1" 301 162 "-" "Mozilla/5.0 (Windows NT 10.0; Win64; x64) AppleWebKit/537.36 (KHTML, like Gecko) Chrome/78.0.3904.108 Safari/537.36"
45.146.165.37 - - [01/Feb/2022:16:37:46 +0000] "GET /?a=fetch&content=<php>die(@md5(HelloThinkCMF))</php> HTTP/1.1" 200 595 "http://138.246.234.184:80/?a=fetch&content=<php>die(@md5(HelloThinkCMF))</php>" "Mozilla/5.0 (Windows NT 10.0; Win64; x64) AppleWebKit/537.36 (KHTML, like Gecko) Chrome/78.0.3904.108 Safari/537.36"
128.14.134.170 - - [01/Feb/2022:16:39:33 +0000] "GET /solr/ HTTP/1.1" 200 595 "-" "Mozilla/5.0 (Windows NT 10.0; Win64; x64) AppleWebKit/537.36 (KHTML, like Gecko) Chrome/60.0.3112.113 Safari/537.36"
34.78.21.203 - - [01/Feb/2022:16:46:48 +0000] "GET /assets/js/quickblox/config.js HTTP/1.1" 200 595 "-" "Mozilla/5.0 (Windows NT 10.0; WOW64) AppleWebKit/537.36 (KHTML, like Gecko) Chrome/82.0.4085.6 Safari/537.36"
45.146.165.37 - - [01/Feb/2022:16:51:40 +0000] "GET /?XDEBUG_SESSION_START=phpstorm HTTP/1.1" 301 162 "-" "Mozilla/5.0 (Windows NT 10.0; Win64; x64) AppleWebKit/537.36 (KHTML, like Gecko) Chrome/78.0.3904.108 Safari/537.36"
45.146.165.37 - - [01/Feb/2022:16:51:41 +0000] "GET /?XDEBUG_SESSION_START=phpstorm HTTP/1.1" 200 595 "http://138.246.234.184:80/?XDEBUG_SESSION_START=phpstorm" "Mozilla/5.0 (Windows NT 10.0; Win64; x64) AppleWebKit/537.36 (KHTML, like Gecko) Chrome/78.0.3904.108 Safari/537.36"
107.189.28.51 - - [01/Feb/2022:17:25:56 +0000] "GET / HTTP/1.1" 301 162 "-" "-"
107.189.28.51 - - [01/Feb/2022:17:25:56 +0000] "POST /HNAP1/ HTTP/1.1" 301 162 "-" "Mozila/5.0"
45.146.165.37 - - [01/Feb/2022:17:41:27 +0000] "GET /console/ HTTP/1.1" 301 162 "-" "Mozilla/5.0 (Windows NT 10.0; Win64; x64) AppleWebKit/537.36 (KHTML, like Gecko) Chrome/78.0.3904.108 Safari/537.36"
45.146.165.37 - - [01/Feb/2022:17:41:27 +0000] "GET /console/ HTTP/1.1" 200 595 "http://138.246.234.184:80/console/" "Mozilla/5.0 (Windows NT 10.0; Win64; x64) AppleWebKit/537.36 (KHTML, like Gecko) Chrome/78.0.3904.108 Safari/537.36"
47.243.167.15 - - [01/Feb/2022:18:09:41 +0000] "GET / HTTP/1.0" 200 1345 "-" "-"
47.243.167.15 - - [01/Feb/2022:18:09:43 +0000] "GET /text4041643738982 HTTP/1.1" 200 1345 "-" "Mozilla/5.0 (compatible;)"
47.243.167.15 - - [01/Feb/2022:18:09:43 +0000] "POST /sdk HTTP/1.1" 405 150 "-" "Mozilla/5.0 (compatible;)"
47.243.167.15 - - [01/Feb/2022:18:09:44 +0000] "GET /textCheck1643738982 HTTP/1.1" 200 1345 "-" "Mozilla/5.0 (compatible;)"
47.243.167.15 - - [01/Feb/2022:18:09:45 +0000] "GET /text/folder/review1643738982 HTTP/1.1" 200 1345 "-" "Mozilla/5.0 (compatible;)"
47.243.167.15 - - [01/Feb/2022:18:09:45 +0000] "GET / HTTP/1.0" 200 1345 "-" "-"
47.243.167.15 - - [01/Feb/2022:18:09:46 +0000] "GET / HTTP/1.1" 200 1345 "-" "-"
47.243.167.15 - - [01/Feb/2022:18:10:07 +0000] "GET / HTTP/2.0" 200 583 "-" "-"
47.243.167.15 - - [01/Feb/2022:18:10:08 +0000] "GET /favicon.ico HTTP/1.1" 200 595 "-" "curl/7.75.0"
47.243.167.15 - - [01/Feb/2022:18:10:09 +0000] "GET /robots.txt HTTP/1.1" 200 595 "-" "curl/7.75.0"
45.146.165.37 - - [01/Feb/2022:18:11:39 +0000] "POST /Autodiscover/Autodiscover.xml HTTP/1.1" 301 162 "-" "Mozilla/5.0 (Windows NT 10.0; Win64; x64) AppleWebKit/537.36 (KHTML, like Gecko) Chrome/78.0.3904.108 Safari/537.36"
45.146.165.37 - - [01/Feb/2022:18:11:39 +0000] "GET /Autodiscover/Autodiscover.xml HTTP/1.1" 200 595 "http://138.246.234.184:80/Autodiscover/Autodiscover.xml" "Mozilla/5.0 (Windows NT 10.0; Win64; x64) AppleWebKit/537.36 (KHTML, like Gecko) Chrome/78.0.3904.108 Safari/537.36"
62.171.132.199 - - [01/Feb/2022:18:12:29 +0000] "GET /config/getuser?index=0 HTTP/1.1" 301 162 "-" "Mozilla/5.0 (X11; Ubuntu; Linux x86_64; rv:76.0) Gecko/20100101 Firefox/76.0"
80.82.78.39 - - [01/Feb/2022:18:26:00 +0000] "GET /login/ HTTP/1.1" 301 162 "-" "Mozilla/5.0"
80.82.78.39 - - [01/Feb/2022:18:26:04 +0000] "GET /login/ HTTP/1.1" 200 595 "http://138.246.234.184:80/login/" "Mozilla/5.0"
80.82.78.39 - - [01/Feb/2022:18:26:07 +0000] "\x16\x03\x01\x00\xEE\x01\x00\x00\xEA\x03\x03\xBCV" 400 150 "-" "-"
45.146.165.37 - - [01/Feb/2022:18:36:27 +0000] "GET /_ignition/execute-solution HTTP/1.1" 301 162 "-" "Mozilla/5.0 (Windows NT 10.0; Win64; x64) AppleWebKit/537.36 (KHTML, like Gecko) Chrome/78.0.3904.108 Safari/537.36"
45.146.165.37 - - [01/Feb/2022:18:36:28 +0000] "GET /_ignition/execute-solution HTTP/1.1" 200 595 "http://138.246.234.184:80/_ignition/execute-solution" "Mozilla/5.0 (Windows NT 10.0; Win64; x64) AppleWebKit/537.36 (KHTML, like Gecko) Chrome/78.0.3904.108 Safari/537.36"
45.146.165.37 - - [01/Feb/2022:19:13:35 +0000] "GET / HTTP/1.1" 301 162 "-" "Mozilla/5.0 (Windows NT 10.0; Win64; x64) AppleWebKit/537.36 (KHTML, like Gecko) Chrome/78.0.3904.108 Safari/537.36"
45.146.165.37 - - [01/Feb/2022:19:13:35 +0000] "GET / HTTP/1.1" 200 595 "http://138.246.234.184:80" "Mozilla/5.0 (Windows NT 10.0; Win64; x64) AppleWebKit/537.36 (KHTML, like Gecko) Chrome/78.0.3904.108 Safari/537.36"
185.104.244.243 - - [01/Feb/2022:19:23:21 +0000] "GET / HTTP/1.1" 301 162 "-" "Mozilla/5.0 (Windows NT 10.0; WOW64) AppleWebKit/537.36 (KHTML, like Gecko) Chrome/51.0.2704.103 Safari/537.36"
45.61.185.143 - - [01/Feb/2022:19:24:03 +0000] "GET /manager/html HTTP/1.1" 400 150 "-" "-"
37.193.137.167 - - [01/Feb/2022:19:42:30 +0000] "GET / HTTP/1.1" 301 162 "-" "Mozilla/5.0 (Macintosh; Intel Mac OS X 10_11_6) AppleWebKit/601.7.7 (KHTML, like Gecko) Version/9.1.2 Safari/601.7.7"
45.146.165.37 - - [01/Feb/2022:19:48:11 +0000] "POST /cgi-bin/.%2e/.%2e/.%2e/.%2e/bin/sh HTTP/1.1" 400 150 "-" "-"
128.14.141.34 - - [01/Feb/2022:20:15:09 +0000] "GET / HTTP/1.1" 200 595 "-" "Mozilla/5.0 (Windows NT 10.0; Win64; x64) AppleWebKit/537.36 (KHTML, like Gecko) Chrome/60.0.3112.113 Safari/537.36"
45.146.165.37 - - [01/Feb/2022:20:31:49 +0000] "GET / HTTP/1.1" 301 162 "-" "Mozilla/5.0 (Windows NT 10.0; Win64; x64) AppleWebKit/537.36 (KHTML, like Gecko) Chrome/78.0.3904.108 Safari/537.36"
45.146.165.37 - - [01/Feb/2022:20:31:49 +0000] "GET / HTTP/1.1" 200 595 "http://138.246.234.184:80/" "Mozilla/5.0 (Windows NT 10.0; Win64; x64) AppleWebKit/537.36 (KHTML, like Gecko) Chrome/78.0.3904.108 Safari/537.36"
45.61.185.143 - - [01/Feb/2022:20:32:38 +0000] "GET /manager/html HTTP/1.1" 400 150 "-" "-"
35.195.93.98 - - [01/Feb/2022:21:14:17 +0000] "GET / HTTP/1.1" 301 162 "-" "python-requests/2.27.1"
45.146.165.37 - - [01/Feb/2022:21:22:15 +0000] "POST /vendor/phpunit/phpunit/src/Util/PHP/eval-stdin.php HTTP/1.1" 404 47 "-" "Mozilla/5.0 (Windows NT 10.0; Win64; x64) AppleWebKit/537.36 (KHTML, like Gecko) Chrome/78.0.3904.108 Safari/537.36"
45.137.21.134 - - [01/Feb/2022:22:13:13 +0000] "GET /dispatch.asp HTTP/1.1" 301 162 "-" "Mozilla/5.0 (iPad; CPU OS 7_1_2 like Mac OS X; en-US) AppleWebKit/531.5.2 (KHTML, like Gecko) Version/4.0.5 Mobile/8B116 Safari/6531.5.2"
107.189.28.51 - - [01/Feb/2022:22:29:05 +0000] "GET / HTTP/1.1" 301 162 "-" "-"
107.189.28.51 - - [01/Feb/2022:22:29:05 +0000] "POST /HNAP1/ HTTP/1.1" 301 162 "-" "Mozila/5.0"
192.241.213.219 - - [01/Feb/2022:22:36:53 +0000] "GET /ecp/Current/exporttool/microsoft.exchange.ediscovery.exporttool.application HTTP/1.1" 200 595 "-" "Mozilla/5.0 zgrab/0.x"
93.175.124.200 - - [01/Feb/2022:22:43:30 +0000] "GET / HTTP/1.1" 301 162 "-" "Mozilla/5.0 (Windows NT 10.0; WOW64) AppleWebKit/537.36 (KHTML, like Gecko) Chrome/52.0.2743.116 Safari/537.36"
192.241.211.91 - - [01/Feb/2022:22:44:24 +0000] "GET /owa/auth/logon.aspx?url=https%3a%2f%2f1%2fecp%2f HTTP/1.1" 200 595 "-" "Mozilla/5.0 zgrab/0.x"
170.130.187.22 - - [01/Feb/2022:22:49:30 +0000] "GET / HTTP/1.1" 301 162 "-" "https://gdnplus.com:Gather Analyze Provide."
170.130.187.22 - - [01/Feb/2022:22:49:31 +0000] "GET / HTTP/1.1" 200 1345 "http://138.246.234.184:80/" "Go http package"
5.2.69.50 - - [01/Feb/2022:22:59:37 +0000] "GET / HTTP/1.1" 301 162 "-" "Mozilla/5.0 (Windows NT 10.0; Win64; x64) AppleWebKit/537.36 (KHTML, like Gecko) Chrome/95.0.4638.69 Safari/537.36"
185.220.101.186 - - [01/Feb/2022:22:59:38 +0000] "GET / HTTP/1.1" 200 595 "http://138.246.234.184/" "Mozilla/5.0 (Windows NT 10.0; Win64; x64) AppleWebKit/537.36 (KHTML, like Gecko) Chrome/95.0.4638.69 Safari/537.36"
185.220.100.248 - - [01/Feb/2022:22:59:44 +0000] "GET /favicon.ico HTTP/1.1" 301 162 "-" "Mozilla/5.0 (Windows NT 10.0; Win64; x64) AppleWebKit/537.36 (KHTML, like Gecko) Chrome/95.0.4638.69 Safari/537.36"
185.220.101.153 - - [01/Feb/2022:22:59:45 +0000] "GET /favicon.ico HTTP/2.0" 200 583 "-" "Mozilla/5.0 (Windows NT 10.0; Win64; x64) AppleWebKit/537.36 (KHTML, like Gecko) Chrome/95.0.4638.69 Safari/537.36"
185.220.100.248 - - [01/Feb/2022:22:59:45 +0000] "GET /favicon.ico HTTP/2.0" 200 583 "http://138.246.234.184:80/favicon.ico" "Mozilla/5.0 (Windows NT 10.0; Win64; x64) AppleWebKit/537.36 (KHTML, like Gecko) Chrome/95.0.4638.69 Safari/537.36"
45.146.165.37 - - [01/Feb/2022:23:05:11 +0000] "GET /index.php?s=/Index/\x5Cthink\x5Capp/invokefunction&function=call_user_func_array&vars[0]=md5&vars[1][]=HelloThinkPHP21 HTTP/1.1" 404 47 "-" "Mozilla/5.0 (Windows NT 10.0; Win64; x64) AppleWebKit/537.36 (KHTML, like Gecko) Chrome/78.0.3904.108 Safari/537.36"
179.56.57.34 - - [01/Feb/2022:23:13:48 +0000] "GET / HTTP/1.1\x5Cr\x5Cn" 400 150 "-" "-"
109.237.103.9 - - [01/Feb/2022:23:30:02 +0000] "GET /.env HTTP/1.1" 301 162 "-" "Mozilla/5.0 (X11; Linux x86_64) AppleWebKit/537.36 (KHTML, like Gecko) Chrome/81.0.4044.129 Safari/537.36"
109.237.103.9 - - [01/Feb/2022:23:30:02 +0000] "GET /.env HTTP/1.1" 200 595 "-" "Mozilla/5.0 (X11; Linux x86_64) AppleWebKit/537.36 (KHTML, like Gecko) Chrome/81.0.4044.129 Safari/537.36"
109.237.103.9 - - [01/Feb/2022:23:30:02 +0000] "POST /.env HTTP/1.1" 301 162 "-" "Mozilla/5.0 (X11; Linux x86_64) AppleWebKit/537.36 (KHTML, like Gecko) Chrome/81.0.4044.129 Safari/537.36"
192.241.210.54 - - [01/Feb/2022:23:35:48 +0000] "GET /ReportServer HTTP/1.1" 200 595 "-" "Mozilla/5.0 zgrab/0.x"
109.248.6.39 - - [01/Feb/2022:23:47:46 +0000] "GET /favicon.ico HTTP/1.0" 200 1345 "-" "masscan-ng/1.3 (https://github.com/bi-zone/masscan-ng)"
192.241.206.84 - - [01/Feb/2022:23:54:14 +0000] "GET /login HTTP/1.1" 200 595 "-" "Mozilla/5.0 zgrab/0.x"
45.146.165.37 - - [02/Feb/2022:00:06:50 +0000] "GET /?XDEBUG_SESSION_START=phpstorm HTTP/1.1" 200 595 "-" "Mozilla/5.0 (Windows NT 10.0; Win64; x64) AppleWebKit/537.36 (KHTML, like Gecko) Chrome/78.0.3904.108 Safari/537.36"
23.128.248.15 - - [02/Feb/2022:00:24:26 +0000] "GET / HTTP/1.1" 200 595 "-" "Mozilla/5.0 (Windows NT 10.0; Win64; x64) AppleWebKit/537.36 (KHTML, like Gecko) Chrome/95.0.4638.69 Safari/537.36"
185.220.101.39 - - [02/Feb/2022:00:24:27 +0000] "GET /favicon.ico HTTP/2.0" 200 583 "-" "Mozilla/5.0 (Windows NT 10.0; Win64; x64) AppleWebKit/537.36 (KHTML, like Gecko) Chrome/95.0.4638.69 Safari/537.36"
128.1.248.42 - - [02/Feb/2022:00:26:07 +0000] "GET / HTTP/1.1" 200 595 "-" "Mozilla/5.0 (Windows NT 10.0; Win64; x64) AppleWebKit/537.36 (KHTML, like Gecko) Chrome/60.0.3112.113 Safari/537.36"
45.137.21.134 - - [02/Feb/2022:00:46:53 +0000] "GET /dispatch.asp HTTP/1.1" 301 162 "-" "Mozilla/5.0 (iPad; CPU OS 7_1_2 like Mac OS X; en-US) AppleWebKit/531.5.2 (KHTML, like Gecko) Version/4.0.5 Mobile/8B116 Safari/6531.5.2"
71.6.232.4 - - [02/Feb/2022:00:47:20 +0000] "GET / HTTP/1.1" 301 162 "-" "Mozilla/5.0 (Windows NT 10.0; Win64; x64) AppleWebKit/537.36 (KHTML, like Gecko) Chrome/74.0.3729.131 Safari/537.36"
107.189.28.51 - - [02/Feb/2022:01:03:58 +0000] "GET / HTTP/1.1" 301 162 "-" "-"
107.189.28.51 - - [02/Feb/2022:01:03:59 +0000] "POST /HNAP1/ HTTP/1.1" 301 162 "-" "Mozila/5.0"
45.146.165.37 - - [02/Feb/2022:01:34:31 +0000] "GET /console/ HTTP/1.1" 200 595 "-" "Mozilla/5.0 (Windows NT 10.0; Win64; x64) AppleWebKit/537.36 (KHTML, like Gecko) Chrome/78.0.3904.108 Safari/537.36"
34.86.35.17 - - [02/Feb/2022:02:01:45 +0000] "\x16\x03\x01\x00\xE5\x01\x00\x00\xE1\x03\x03z\x83\xA7 D]\x10\xAC" 400 150 "-" "-"
45.146.165.37 - - [02/Feb/2022:02:09:38 +0000] "POST /Autodiscover/Autodiscover.xml HTTP/1.1" 405 552 "-" "Mozilla/5.0 (Windows NT 10.0; Win64; x64) AppleWebKit/537.36 (KHTML, like Gecko) Chrome/78.0.3904.108 Safari/537.36"
137.220.133.42 - - [02/Feb/2022:02:24:18 +0000] "GET / HTTP/1.1" 400 248 "-" "-"
137.220.133.42 - - [02/Feb/2022:02:24:18 +0000] "GET /favicon.ico HTTP/1.1" 400 248 "-" "Go-http-client/1.1"
137.220.133.42 - - [02/Feb/2022:02:24:19 +0000] "GET /robots.txt HTTP/1.1" 400 248 "-" "Go-http-client/1.1"
137.220.133.42 - - [02/Feb/2022:02:24:20 +0000] "GET /sitemap.xml HTTP/1.1" 400 248 "-" "Go-http-client/1.1"
192.241.213.79 - - [02/Feb/2022:02:34:24 +0000] "GET /ecp/Current/exporttool/microsoft.exchange.ediscovery.exporttool.application HTTP/1.1" 200 595 "-" "Mozilla/5.0 zgrab/0.x"
192.241.209.134 - - [02/Feb/2022:02:35:01 +0000] "GET /owa/auth/logon.aspx HTTP/1.1" 200 595 "-" "Mozilla/5.0 zgrab/0.x"
192.241.209.153 - - [02/Feb/2022:02:37:46 +0000] "GET /owa/auth/x.js HTTP/1.1" 200 595 "-" "Mozilla/5.0 zgrab/0.x"
61.219.11.151 - - [02/Feb/2022:03:30:19 +0000] "dN\x93\xB9\xE6\xBCl\xB6\x92\x84:\xD7\x03\xF1N\xB9\xC5;\x90\xC2\xC6\xBA\xE1I-\x22\xDDs\xBA\x1FgC:\xB1\xA7\x80+\x00\x00\x00\x00%\xFDK:\xAAW.|J\xB2\xB5\xF5'\xA5l\xD3V(\xB7\x01%(CsK8B\xCE\x9A\xD0z\xC7\x13\xAD" 400 150 "-" "-"
64.62.197.152 - - [02/Feb/2022:03:31:49 +0000] "GET / HTTP/1.1" 200 1345 "-" "-"
45.146.165.37 - - [02/Feb/2022:04:00:25 +0000] "GET / HTTP/1.1" 200 595 "-" "Mozilla/5.0 (Windows NT 10.0; Win64; x64) AppleWebKit/537.36 (KHTML, like Gecko) Chrome/78.0.3904.108 Safari/537.36"
165.227.140.112 - - [02/Feb/2022:04:03:16 +0000] "\x16\x03\x01\x01\xFE\x01\x00\x01\xFA\x03\x03\x82Pp\xB2K66\xCEE:\xD3\xAC\xBA\xD77$\xED5\xA4\xE14\x10\x03\xE3\xA3\xB24\xF1\xB7w\x84\xDA\x00\x01<\xCC\x14\xCC\x13\xCC\x15\xC00\xC0,\xC0(\xC0$\xC0\x14\xC0" 400 150 "-" "-"
185.189.182.234 - - [02/Feb/2022:04:16:18 +0000] "GET / HTTP/1.1" 400 150 "-" "-"
62.171.132.199 - - [02/Feb/2022:04:27:39 +0000] "GET /config/getuser?index=0 HTTP/1.1" 301 162 "-" "Mozilla/5.0 (X11; Ubuntu; Linux x86_64; rv:76.0) Gecko/20100101 Firefox/76.0"
45.137.21.134 - - [02/Feb/2022:04:36:14 +0000] "GET /dispatch.asp HTTP/1.1" 301 162 "-" "Mozilla/5.0 (iPad; CPU OS 7_1_2 like Mac OS X; en-US) AppleWebKit/531.5.2 (KHTML, like Gecko) Version/4.0.5 Mobile/8B116 Safari/6531.5.2"
34.77.162.22 - - [02/Feb/2022:04:42:20 +0000] "GET / HTTP/1.1" 301 162 "-" "Expanse indexes the network perimeters of our customers. If you have any questions or concerns, please reach out to: scaninfo@expanseinc.com"
62.171.132.199 - - [02/Feb/2022:04:50:21 +0000] "GET /config/getuser?index=0 HTTP/1.1" 400 248 "-" "Mozilla/5.0 (X11; Ubuntu; Linux x86_64; rv:76.0) Gecko/20100101 Firefox/76.0"
45.146.165.37 - - [02/Feb/2022:04:54:50 +0000] "GET / HTTP/1.1" 200 595 "-" "Mozilla/5.0 (Windows NT 10.0; Win64; x64) AppleWebKit/537.36 (KHTML, like Gecko) Chrome/78.0.3904.108 Safari/537.36"
61.219.11.151 - - [02/Feb/2022:05:20:27 +0000] "dN\x93\xB9\xE6\xBCl\xB6\x92\x84:\xD7\x03\xF1N\xB9\xC5;\x90\xC2\xC6\xBA\xE1I-\x22\xDDs\xBA\x1FgC:\xB1\xA7\x80+\x00\x00\x00\x00%\xFDK:\xAAW.|J\xB2\xB5\xF5'\xA5l\xD3V(\xB7\x01%(CsK8B\xCE\x9A\xD0z\xC7\x13\xAD" 400 150 "-" "-"
60.191.125.35 - - [02/Feb/2022:05:25:38 +0000] "HEAD http://112.124.42.80:63435/ HTTP/1.1" 301 0 "-" "Mozilla/5.0 (Macintosh; Intel Mac OS X 10_11_6) AppleWebKit/537.36 (KHTML, like Gecko) Chrome/53.0.2785.143 Safari/537.36"
60.191.125.35 - - [02/Feb/2022:05:25:39 +0000] "CONNECT 112.124.42.80:443 HTTP/1.1" 400 150 "-" "-"
193.118.55.162 - - [02/Feb/2022:05:36:15 +0000] "GET / HTTP/1.1" 301 162 "-" "Mozilla/5.0 (Windows NT 10.0; WOW64) AppleWebKit/537.36 (KHTML, like Gecko) Chrome/66.0.3359.117 Safari/537.36"
193.118.55.162 - - [02/Feb/2022:05:36:15 +0000] "GET / HTTP/1.1" 200 595 "http://138.246.234.184/" "Mozilla/5.0 (Windows NT 10.0; WOW64) AppleWebKit/537.36 (KHTML, like Gecko) Chrome/66.0.3359.117 Safari/537.36"
45.146.165.37 - - [02/Feb/2022:05:37:57 +0000] "POST /cgi-bin/.%2e/.%2e/.%2e/.%2e/bin/sh HTTP/1.1" 400 150 "-" "-"
128.14.134.134 - - [02/Feb/2022:06:14:10 +0000] "GET / HTTP/1.1" 301 162 "-" "Mozilla/5.0 (Windows NT 10.0; Win64; x64) AppleWebKit/537.36 (KHTML, like Gecko) Chrome/60.0.3112.113 Safari/537.36"
128.14.134.134 - - [02/Feb/2022:06:14:10 +0000] "GET / HTTP/1.1" 200 595 "http://138.246.234.184/" "Mozilla/5.0 (Windows NT 10.0; Win64; x64) AppleWebKit/537.36 (KHTML, like Gecko) Chrome/60.0.3112.113 Safari/537.36"
193.118.53.210 - - [02/Feb/2022:06:24:46 +0000] "GET / HTTP/1.1" 200 595 "-" "Mozilla/5.0 (Windows NT 10.0; Win64; x64) AppleWebKit/537.36 (KHTML, like Gecko) Chrome/60.0.3112.113 Safari/537.36"
192.241.206.31 - - [02/Feb/2022:06:27:45 +0000] "GET /actuator/health HTTP/1.1" 200 595 "-" "Mozilla/5.0 zgrab/0.x"
65.49.20.66 - - [02/Feb/2022:06:33:48 +0000] "GET / HTTP/1.1" 301 162 "-" "-"
93.104.113.155 - - [02/Feb/2022:06:59:31 +0000] "GET / HTTP/2.0" 502 150 "-" "Mozilla/5.0 (Windows NT 10.0; Win64; x64; rv:80.0) Gecko/20100101 Firefox/80.0"
93.104.113.155 - - [02/Feb/2022:06:59:31 +0000] "GET /favicon.ico HTTP/2.0" 499 0 "-" "Mozilla/5.0 (Windows NT 10.0; Win64; x64; rv:80.0) Gecko/20100101 Firefox/80.0"
93.104.113.155 - - [02/Feb/2022:06:59:33 +0000] "GET / HTTP/2.0" 502 150 "-" "Mozilla/5.0 (Windows NT 10.0; Win64; x64; rv:80.0) Gecko/20100101 Firefox/80.0"
93.104.113.155 - - [02/Feb/2022:07:00:04 +0000] "GET / HTTP/2.0" 502 150 "-" "Mozilla/5.0 (Windows NT 10.0; Win64; x64; rv:80.0) Gecko/20100101 Firefox/80.0"
93.104.113.155 - - [02/Feb/2022:07:00:12 +0000] "GET / HTTP/2.0" 502 150 "-" "Mozilla/5.0 (Windows NT 10.0; Win64; x64; rv:80.0) Gecko/20100101 Firefox/80.0"
93.104.113.155 - - [02/Feb/2022:07:13:31 +0000] "GET / HTTP/2.0" 502 150 "-" "Mozilla/5.0 (Windows NT 10.0; Win64; x64; rv:80.0) Gecko/20100101 Firefox/80.0"
93.104.113.155 - - [02/Feb/2022:07:13:35 +0000] "GET / HTTP/2.0" 502 150 "-" "Mozilla/5.0 (Windows NT 10.0; Win64; x64; rv:80.0) Gecko/20100101 Firefox/80.0"
93.104.113.155 - - [02/Feb/2022:07:13:39 +0000] "GET / HTTP/2.0" 502 150 "-" "Mozilla/5.0 (Windows NT 10.0; Win64; x64; rv:80.0) Gecko/20100101 Firefox/80.0"
93.104.113.155 - - [02/Feb/2022:07:13:54 +0000] "GET / HTTP/2.0" 502 150 "-" "Mozilla/5.0 (Windows NT 10.0; Win64; x64; rv:80.0) Gecko/20100101 Firefox/80.0"
195.144.21.219 - - [02/Feb/2022:07:14:35 +0000] "HEAD / HTTP/1.1" 301 0 "-" "python-requests/2.25.1"
194.32.107.159 - - [02/Feb/2022:07:14:35 +0000] "HEAD / HTTP/1.1" 301 0 "-" "python-requests/2.25.1"
195.144.21.219 - - [02/Feb/2022:07:14:35 +0000] "HEAD / HTTP/1.1" 200 0 "-" "python-requests/2.25.1"
195.144.21.219 - - [02/Feb/2022:07:14:35 +0000] "HEAD / HTTP/1.1" 301 0 "-" "python-requests/2.25.1"
194.32.107.159 - - [02/Feb/2022:07:14:35 +0000] "HEAD / HTTP/1.1" 502 0 "-" "python-requests/2.25.1"
195.144.21.219 - - [02/Feb/2022:07:14:35 +0000] "HEAD / HTTP/1.1" 502 0 "-" "python-requests/2.25.1"
31.42.185.24 - - [02/Feb/2022:07:14:36 +0000] "HEAD / HTTP/1.1" 301 0 "-" "python-requests/2.25.1"
194.32.107.159 - - [02/Feb/2022:07:14:36 +0000] "HEAD / HTTP/1.1" 301 0 "-" "python-requests/2.25.1"
167.248.133.47 - - [02/Feb/2022:07:14:36 +0000] "GET / HTTP/1.1" 301 162 "-" "-"
31.42.185.24 - - [02/Feb/2022:07:14:36 +0000] "HEAD / HTTP/1.1" 502 0 "-" "python-requests/2.25.1"
5.2.72.73 - - [02/Feb/2022:07:14:36 +0000] "HEAD / HTTP/1.1" 301 0 "-" "python-requests/2.25.1"
167.248.133.47 - - [02/Feb/2022:07:14:36 +0000] "GET / HTTP/1.1" 200 1345 "-" "-"
194.32.107.159 - - [02/Feb/2022:07:14:36 +0000] "HEAD / HTTP/1.1" 200 0 "-" "python-requests/2.25.1"
194.32.107.187 - - [02/Feb/2022:07:14:36 +0000] "HEAD / HTTP/1.1" 301 0 "-" "python-requests/2.25.1"
167.248.133.47 - - [02/Feb/2022:07:14:36 +0000] "GET / HTTP/1.1" 301 162 "-" "Mozilla/5.0 (compatible; CensysInspect/1.1; +https://about.censys.io/)"
195.144.21.219 - - [02/Feb/2022:07:14:36 +0000] "HEAD / HTTP/1.1" 301 0 "-" "python-requests/2.25.1"
194.32.107.159 - - [02/Feb/2022:07:14:36 +0000] "HEAD / HTTP/1.1" 301 0 "-" "python-requests/2.25.1"
5.2.72.73 - - [02/Feb/2022:07:14:36 +0000] "HEAD / HTTP/1.1" 502 0 "-" "python-requests/2.25.1"
167.248.133.47 - - [02/Feb/2022:07:14:36 +0000] "GET / HTTP/1.1" 502 150 "-" "Mozilla/5.0 (compatible; CensysInspect/1.1; +https://about.censys.io/)"
195.144.21.219 - - [02/Feb/2022:07:14:37 +0000] "HEAD / HTTP/1.1" 502 0 "-" "python-requests/2.25.1"
194.32.107.187 - - [02/Feb/2022:07:14:37 +0000] "HEAD / HTTP/1.1" 502 0 "-" "python-requests/2.25.1"
162.142.125.220 - - [02/Feb/2022:07:14:37 +0000] "GET / HTTP/1.1" 200 1345 "-" "-"
162.142.125.220 - - [02/Feb/2022:07:14:37 +0000] "GET / HTTP/1.1" 301 162 "-" "-"
167.248.133.47 - - [02/Feb/2022:07:14:37 +0000] "PRI * HTTP/2.0" 400 150 "-" "-"
194.32.107.159 - - [02/Feb/2022:07:14:37 +0000] "HEAD / HTTP/1.1" 502 0 "-" "python-requests/2.25.1"
167.248.133.47 - - [02/Feb/2022:07:14:37 +0000] "GET / HTTP/1.1" 502 150 "-" "Mozilla/5.0 (compatible; CensysInspect/1.1; +https://about.censys.io/)"
167.248.133.120 - - [02/Feb/2022:07:14:37 +0000] "GET / HTTP/1.1" 301 162 "-" "-"
167.248.133.120 - - [02/Feb/2022:07:14:37 +0000] "GET / HTTP/1.1" 200 1345 "-" "-"
194.32.107.187 - - [02/Feb/2022:07:14:37 +0000] "HEAD / HTTP/1.1" 301 0 "-" "python-requests/2.25.1"
167.248.133.120 - - [02/Feb/2022:07:14:37 +0000] "GET / HTTP/1.1" 301 162 "-" "Mozilla/5.0 (compatible; CensysInspect/1.1; +https://about.censys.io/)"
162.142.125.211 - - [02/Feb/2022:07:14:38 +0000] "GET / HTTP/1.1" 200 1345 "-" "-"
167.248.133.120 - - [02/Feb/2022:07:14:38 +0000] "GET / HTTP/1.1" 502 150 "-" "Mozilla/5.0 (compatible; CensysInspect/1.1; +https://about.censys.io/)"
162.142.125.211 - - [02/Feb/2022:07:14:38 +0000] "GET / HTTP/1.1" 301 162 "-" "-"
162.142.125.220 - - [02/Feb/2022:07:14:38 +0000] "GET / HTTP/1.1" 301 162 "-" "Mozilla/5.0 (compatible; CensysInspect/1.1; +https://about.censys.io/)"
194.32.107.187 - - [02/Feb/2022:07:14:38 +0000] "HEAD / HTTP/1.1" 502 0 "-" "python-requests/2.25.1"
45.153.160.137 - - [02/Feb/2022:07:14:38 +0000] "HEAD / HTTP/1.1" 301 0 "-" "python-requests/2.25.1"
162.142.125.220 - - [02/Feb/2022:07:14:38 +0000] "GET / HTTP/1.1" 502 150 "-" "Mozilla/5.0 (compatible; CensysInspect/1.1; +https://about.censys.io/)"
167.248.133.120 - - [02/Feb/2022:07:14:38 +0000] "GET / HTTP/1.1" 502 150 "-" "Mozilla/5.0 (compatible; CensysInspect/1.1; +https://about.censys.io/)"
45.153.160.137 - - [02/Feb/2022:07:14:38 +0000] "HEAD / HTTP/1.1" 502 0 "-" "python-requests/2.25.1"
162.142.125.211 - - [02/Feb/2022:07:14:38 +0000] "GET / HTTP/1.1" 502 150 "-" "Mozilla/5.0 (compatible; CensysInspect/1.1; +https://about.censys.io/)"
167.248.133.47 - - [02/Feb/2022:07:14:38 +0000] "GET / HTTP/1.1" 301 162 "-" "-"
167.248.133.47 - - [02/Feb/2022:07:14:38 +0000] "GET / HTTP/1.1" 301 162 "-" "-"
162.142.125.211 - - [02/Feb/2022:07:14:38 +0000] "GET / HTTP/1.1" 301 162 "-" "Mozilla/5.0 (compatible; CensysInspect/1.1; +https://about.censys.io/)"
194.32.107.187 - - [02/Feb/2022:07:14:38 +0000] "HEAD / HTTP/1.1" 301 0 "-" "python-requests/2.25.1"
167.248.133.47 - - [02/Feb/2022:07:14:39 +0000] "GET / HTTP/1.1" 200 1345 "-" "-"
167.248.133.47 - - [02/Feb/2022:07:14:39 +0000] "GET / HTTP/1.1" 200 1345 "-" "-"
167.248.133.47 - - [02/Feb/2022:07:14:39 +0000] "GET / HTTP/1.1" 301 162 "-" "Mozilla/5.0 (compatible; CensysInspect/1.1; +https://about.censys.io/)"
167.248.133.47 - - [02/Feb/2022:07:14:39 +0000] "GET / HTTP/1.1" 301 162 "-" "Mozilla/5.0 (compatible; CensysInspect/1.1; +https://about.censys.io/)"
162.142.125.220 - - [02/Feb/2022:07:14:39 +0000] "PRI * HTTP/2.0" 400 150 "-" "-"
194.32.107.187 - - [02/Feb/2022:07:14:39 +0000] "HEAD / HTTP/1.1" 502 0 "-" "python-requests/2.25.1"
167.248.133.47 - - [02/Feb/2022:07:14:39 +0000] "GET / HTTP/1.1" 502 150 "-" "Mozilla/5.0 (compatible; CensysInspect/1.1; +https://about.censys.io/)"
167.248.133.47 - - [02/Feb/2022:07:14:39 +0000] "GET / HTTP/1.1" 502 150 "-" "Mozilla/5.0 (compatible; CensysInspect/1.1; +https://about.censys.io/)"
162.142.125.8 - - [02/Feb/2022:07:14:39 +0000] "GET / HTTP/1.1" 200 1345 "-" "-"
167.248.133.47 - - [02/Feb/2022:07:14:39 +0000] "PRI * HTTP/2.0" 400 150 "-" "-"
167.248.133.47 - - [02/Feb/2022:07:14:39 +0000] "PRI * HTTP/2.0" 400 150 "-" "-"
162.142.125.211 - - [02/Feb/2022:07:14:39 +0000] "PRI * HTTP/2.0" 400 150 "-" "-"
162.142.125.220 - - [02/Feb/2022:07:14:39 +0000] "GET / HTTP/1.1" 502 150 "-" "Mozilla/5.0 (compatible; CensysInspect/1.1; +https://about.censys.io/)"
194.32.107.187 - - [02/Feb/2022:07:14:39 +0000] "HEAD / HTTP/1.1" 301 0 "-" "python-requests/2.25.1"
167.248.133.47 - - [02/Feb/2022:07:14:39 +0000] "GET / HTTP/1.1" 502 150 "-" "Mozilla/5.0 (compatible; CensysInspect/1.1; +https://about.censys.io/)"
167.248.133.47 - - [02/Feb/2022:07:14:39 +0000] "GET / HTTP/1.1" 502 150 "-" "Mozilla/5.0 (compatible; CensysInspect/1.1; +https://about.censys.io/)"
162.142.125.8 - - [02/Feb/2022:07:14:39 +0000] "GET / HTTP/1.1" 301 162 "-" "-"
194.32.107.187 - - [02/Feb/2022:07:14:40 +0000] "HEAD / HTTP/1.1" 301 0 "-" "python-requests/2.25.1"
194.32.107.187 - - [02/Feb/2022:07:14:40 +0000] "HEAD / HTTP/1.1" 502 0 "-" "python-requests/2.25.1"
162.142.125.211 - - [02/Feb/2022:07:14:40 +0000] "GET / HTTP/1.1" 502 150 "-" "Mozilla/5.0 (compatible; CensysInspect/1.1; +https://about.censys.io/)"
162.142.125.8 - - [02/Feb/2022:07:14:40 +0000] "GET / HTTP/1.1" 502 150 "-" "Mozilla/5.0 (compatible; CensysInspect/1.1; +https://about.censys.io/)"
194.32.107.187 - - [02/Feb/2022:07:14:40 +0000] "HEAD / HTTP/1.1" 502 0 "-" "python-requests/2.25.1"
162.142.125.8 - - [02/Feb/2022:07:14:40 +0000] "GET / HTTP/1.1" 301 162 "-" "Mozilla/5.0 (compatible; CensysInspect/1.1; +https://about.censys.io/)"
162.142.125.8 - - [02/Feb/2022:07:14:41 +0000] "PRI * HTTP/2.0" 400 150 "-" "-"
162.142.125.8 - - [02/Feb/2022:07:14:41 +0000] "GET / HTTP/1.1" 502 150 "-" "Mozilla/5.0 (compatible; CensysInspect/1.1; +https://about.censys.io/)"
194.32.107.159 - - [02/Feb/2022:07:14:50 +0000] "HEAD / HTTP/1.1" 301 0 "-" "python-requests/2.25.1"
194.32.107.159 - - [02/Feb/2022:07:14:51 +0000] "HEAD / HTTP/1.1" 200 0 "-" "python-requests/2.25.1"
194.32.107.187 - - [02/Feb/2022:07:14:51 +0000] "HEAD / HTTP/1.1" 301 0 "-" "python-requests/2.25.1"
194.32.107.187 - - [02/Feb/2022:07:14:51 +0000] "HEAD / HTTP/1.1" 502 0 "-" "python-requests/2.25.1"
194.32.107.187 - - [02/Feb/2022:07:14:51 +0000] "HEAD / HTTP/1.1" 301 0 "-" "python-requests/2.25.1"
81.17.18.61 - - [02/Feb/2022:07:14:51 +0000] "HEAD / HTTP/1.1" 301 0 "-" "python-requests/2.25.1"
194.32.107.187 - - [02/Feb/2022:07:14:51 +0000] "HEAD / HTTP/1.1" 502 0 "-" "python-requests/2.25.1"
81.17.18.61 - - [02/Feb/2022:07:14:51 +0000] "HEAD / HTTP/1.1" 502 0 "-" "python-requests/2.25.1"
81.17.18.61 - - [02/Feb/2022:07:14:51 +0000] "HEAD / HTTP/1.1" 301 0 "-" "python-requests/2.25.1"
81.17.18.61 - - [02/Feb/2022:07:14:52 +0000] "HEAD / HTTP/1.1" 502 0 "-" "python-requests/2.25.1"
51.81.167.146 - - [02/Feb/2022:07:14:55 +0000] "GET / HTTP/1.1" 301 162 "-" "Mozilla/5.0 (iPhone; CPU iPhone OS 15_1_1 like Mac OS X) AppleWebKit/605.1.15 (KHTML, like Gecko) Version/15.1 Mobile/15E148 Safari/604.1"
51.81.167.146 - - [02/Feb/2022:07:14:56 +0000] "GET / HTTP/2.0" 502 150 "-" "Mozilla/5.0 (iPhone; CPU iPhone OS 15_1_1 like Mac OS X) AppleWebKit/605.1.15 (KHTML, like Gecko) Version/15.1 Mobile/15E148 Safari/604.1"
93.104.113.155 - - [02/Feb/2022:07:23:16 +0000] "GET / HTTP/2.0" 502 150 "-" "Mozilla/5.0 (Windows NT 10.0; Win64; x64; rv:80.0) Gecko/20100101 Firefox/80.0"
93.104.113.155 - - [02/Feb/2022:07:23:16 +0000] "GET /favicon.ico HTTP/2.0" 499 0 "-" "Mozilla/5.0 (Windows NT 10.0; Win64; x64; rv:80.0) Gecko/20100101 Firefox/80.0"
93.104.113.155 - - [02/Feb/2022:07:23:26 +0000] "GET / HTTP/2.0" 200 6373 "-" "Mozilla/5.0 (Windows NT 10.0; Win64; x64; rv:80.0) Gecko/20100101 Firefox/80.0"
93.104.113.155 - - [02/Feb/2022:07:23:26 +0000] "GET /css/font-awesome/css/font-awesome.min.css HTTP/2.0" 200 6679 "https://team01.pizza.pub.lab.nm.ifi.lmu.de/" "Mozilla/5.0 (Windows NT 10.0; Win64; x64; rv:80.0) Gecko/20100101 Firefox/80.0"
93.104.113.155 - - [02/Feb/2022:07:23:26 +0000] "GET /css/open-iconic-bootstrap.min.css HTTP/2.0" 200 2086 "https://team01.pizza.pub.lab.nm.ifi.lmu.de/" "Mozilla/5.0 (Windows NT 10.0; Win64; x64; rv:80.0) Gecko/20100101 Firefox/80.0"
93.104.113.155 - - [02/Feb/2022:07:23:26 +0000] "GET /css/owl.carousel.min.css HTTP/2.0" 200 1017 "https://team01.pizza.pub.lab.nm.ifi.lmu.de/" "Mozilla/5.0 (Windows NT 10.0; Win64; x64; rv:80.0) Gecko/20100101 Firefox/80.0"
93.104.113.155 - - [02/Feb/2022:07:23:26 +0000] "GET /css/animate.css HTTP/2.0" 200 4459 "https://team01.pizza.pub.lab.nm.ifi.lmu.de/" "Mozilla/5.0 (Windows NT 10.0; Win64; x64; rv:80.0) Gecko/20100101 Firefox/80.0"
93.104.113.155 - - [02/Feb/2022:07:23:26 +0000] "GET /css/owl.theme.default.min.css HTTP/2.0" 200 446 "https://team01.pizza.pub.lab.nm.ifi.lmu.de/" "Mozilla/5.0 (Windows NT 10.0; Win64; x64; rv:80.0) Gecko/20100101 Firefox/80.0"
93.104.113.155 - - [02/Feb/2022:07:23:26 +0000] "GET /css/aos.css HTTP/2.0" 200 2260 "https://team01.pizza.pub.lab.nm.ifi.lmu.de/" "Mozilla/5.0 (Windows NT 10.0; Win64; x64; rv:80.0) Gecko/20100101 Firefox/80.0"
93.104.113.155 - - [02/Feb/2022:07:23:26 +0000] "GET /css/magnific-popup.css HTTP/2.0" 200 1816 "https://team01.pizza.pub.lab.nm.ifi.lmu.de/" "Mozilla/5.0 (Windows NT 10.0; Win64; x64; rv:80.0) Gecko/20100101 Firefox/80.0"
93.104.113.155 - - [02/Feb/2022:07:23:26 +0000] "GET /css/ionicons.min.css HTTP/2.0" 200 8050 "https://team01.pizza.pub.lab.nm.ifi.lmu.de/" "Mozilla/5.0 (Windows NT 10.0; Win64; x64; rv:80.0) Gecko/20100101 Firefox/80.0"
93.104.113.155 - - [02/Feb/2022:07:23:26 +0000] "GET /css/jquery.timepicker.css HTTP/2.0" 200 448 "https://team01.pizza.pub.lab.nm.ifi.lmu.de/" "Mozilla/5.0 (Windows NT 10.0; Win64; x64; rv:80.0) Gecko/20100101 Firefox/80.0"
93.104.113.155 - - [02/Feb/2022:07:23:26 +0000] "GET /css/bootstrap-datepicker.css HTTP/2.0" 200 2337 "https://team01.pizza.pub.lab.nm.ifi.lmu.de/" "Mozilla/5.0 (Windows NT 10.0; Win64; x64; rv:80.0) Gecko/20100101 Firefox/80.0"
93.104.113.155 - - [02/Feb/2022:07:23:26 +0000] "GET /fonts/flaticon/font/flaticon.css HTTP/2.0" 200 614 "https://team01.pizza.pub.lab.nm.ifi.lmu.de/" "Mozilla/5.0 (Windows NT 10.0; Win64; x64; rv:80.0) Gecko/20100101 Firefox/80.0"
93.104.113.155 - - [02/Feb/2022:07:23:26 +0000] "GET /images/roberto-auf-transparent.png HTTP/2.0" 200 10085 "https://team01.pizza.pub.lab.nm.ifi.lmu.de/" "Mozilla/5.0 (Windows NT 10.0; Win64; x64; rv:80.0) Gecko/20100101 Firefox/80.0"
93.104.113.155 - - [02/Feb/2022:07:23:26 +0000] "GET /css/icomoon.css HTTP/2.0" 200 13972 "https://team01.pizza.pub.lab.nm.ifi.lmu.de/" "Mozilla/5.0 (Windows NT 10.0; Win64; x64; rv:80.0) Gecko/20100101 Firefox/80.0"
93.104.113.155 - - [02/Feb/2022:07:23:26 +0000] "GET /images/mITSM-Logo.jpg HTTP/2.0" 200 23019 "https://team01.pizza.pub.lab.nm.ifi.lmu.de/" "Mozilla/5.0 (Windows NT 10.0; Win64; x64; rv:80.0) Gecko/20100101 Firefox/80.0"
93.104.113.155 - - [02/Feb/2022:07:23:26 +0000] "GET /images/bg_1.png HTTP/2.0" 200 211004 "https://team01.pizza.pub.lab.nm.ifi.lmu.de/" "Mozilla/5.0 (Windows NT 10.0; Win64; x64; rv:80.0) Gecko/20100101 Firefox/80.0"
93.104.113.155 - - [02/Feb/2022:07:23:26 +0000] "GET /css/style.css HTTP/2.0" 200 32243 "https://team01.pizza.pub.lab.nm.ifi.lmu.de/" "Mozilla/5.0 (Windows NT 10.0; Win64; x64; rv:80.0) Gecko/20100101 Firefox/80.0"
93.104.113.155 - - [02/Feb/2022:07:23:26 +0000] "GET /js/jquery-migrate-3.0.1.min.js HTTP/2.0" 200 3474 "https://team01.pizza.pub.lab.nm.ifi.lmu.de/" "Mozilla/5.0 (Windows NT 10.0; Win64; x64; rv:80.0) Gecko/20100101 Firefox/80.0"
93.104.113.155 - - [02/Feb/2022:07:23:26 +0000] "GET /images/RPPS_MAP.png HTTP/2.0" 200 118124 "https://team01.pizza.pub.lab.nm.ifi.lmu.de/" "Mozilla/5.0 (Windows NT 10.0; Win64; x64; rv:80.0) Gecko/20100101 Firefox/80.0"
93.104.113.155 - - [02/Feb/2022:07:23:26 +0000] "GET /js/popper.min.js HTTP/2.0" 200 6852 "https://team01.pizza.pub.lab.nm.ifi.lmu.de/" "Mozilla/5.0 (Windows NT 10.0; Win64; x64; rv:80.0) Gecko/20100101 Firefox/80.0"
93.104.113.155 - - [02/Feb/2022:07:23:26 +0000] "GET /js/jquery.easing.1.3.js HTTP/2.0" 200 2004 "https://team01.pizza.pub.lab.nm.ifi.lmu.de/" "Mozilla/5.0 (Windows NT 10.0; Win64; x64; rv:80.0) Gecko/20100101 Firefox/80.0"
93.104.113.155 - - [02/Feb/2022:07:23:26 +0000] "GET /js/jquery.waypoints.min.js HTTP/2.0" 200 2702 "https://team01.pizza.pub.lab.nm.ifi.lmu.de/" "Mozilla/5.0 (Windows NT 10.0; Win64; x64; rv:80.0) Gecko/20100101 Firefox/80.0"
93.104.113.155 - - [02/Feb/2022:07:23:26 +0000] "GET /js/jquery.stellar.min.js HTTP/2.0" 200 3398 "https://team01.pizza.pub.lab.nm.ifi.lmu.de/" "Mozilla/5.0 (Windows NT 10.0; Win64; x64; rv:80.0) Gecko/20100101 Firefox/80.0"
93.104.113.155 - - [02/Feb/2022:07:23:26 +0000] "GET /js/bootstrap.min.js HTTP/2.0" 200 14038 "https://team01.pizza.pub.lab.nm.ifi.lmu.de/" "Mozilla/5.0 (Windows NT 10.0; Win64; x64; rv:80.0) Gecko/20100101 Firefox/80.0"
93.104.113.155 - - [02/Feb/2022:07:23:26 +0000] "GET /js/jquery.min.js HTTP/2.0" 200 79456 "https://team01.pizza.pub.lab.nm.ifi.lmu.de/" "Mozilla/5.0 (Windows NT 10.0; Win64; x64; rv:80.0) Gecko/20100101 Firefox/80.0"
93.104.113.155 - - [02/Feb/2022:07:23:26 +0000] "GET /js/jquery.magnific-popup.min.js HTTP/2.0" 200 7346 "https://team01.pizza.pub.lab.nm.ifi.lmu.de/" "Mozilla/5.0 (Windows NT 10.0; Win64; x64; rv:80.0) Gecko/20100101 Firefox/80.0"
93.104.113.155 - - [02/Feb/2022:07:23:26 +0000] "GET /js/owl.carousel.min.js HTTP/2.0" 200 11091 "https://team01.pizza.pub.lab.nm.ifi.lmu.de/" "Mozilla/5.0 (Windows NT 10.0; Win64; x64; rv:80.0) Gecko/20100101 Firefox/80.0"
93.104.113.155 - - [02/Feb/2022:07:23:26 +0000] "GET /js/aos.js HTTP/2.0" 200 4585 "https://team01.pizza.pub.lab.nm.ifi.lmu.de/" "Mozilla/5.0 (Windows NT 10.0; Win64; x64; rv:80.0) Gecko/20100101 Firefox/80.0"
93.104.113.155 - - [02/Feb/2022:07:23:26 +0000] "GET /js/jquery.animateNumber.min.js HTTP/2.0" 200 738 "https://team01.pizza.pub.lab.nm.ifi.lmu.de/" "Mozilla/5.0 (Windows NT 10.0; Win64; x64; rv:80.0) Gecko/20100101 Firefox/80.0"
93.104.113.155 - - [02/Feb/2022:07:23:26 +0000] "GET /js/bootstrap-datepicker.js HTTP/2.0" 200 12062 "https://team01.pizza.pub.lab.nm.ifi.lmu.de/" "Mozilla/5.0 (Windows NT 10.0; Win64; x64; rv:80.0) Gecko/20100101 Firefox/80.0"
93.104.113.155 - - [02/Feb/2022:07:23:26 +0000] "GET /js/scrollax.min.js HTTP/2.0" 200 3221 "https://team01.pizza.pub.lab.nm.ifi.lmu.de/" "Mozilla/5.0 (Windows NT 10.0; Win64; x64; rv:80.0) Gecko/20100101 Firefox/80.0"
93.104.113.155 - - [02/Feb/2022:07:23:26 +0000] "GET /js/jquery.timepicker.min.js HTTP/2.0" 200 5242 "https://team01.pizza.pub.lab.nm.ifi.lmu.de/" "Mozilla/5.0 (Windows NT 10.0; Win64; x64; rv:80.0) Gecko/20100101 Firefox/80.0"
93.104.113.155 - - [02/Feb/2022:07:23:26 +0000] "GET /js/main.js HTTP/2.0" 200 2165 "https://team01.pizza.pub.lab.nm.ifi.lmu.de/" "Mozilla/5.0 (Windows NT 10.0; Win64; x64; rv:80.0) Gecko/20100101 Firefox/80.0"
93.104.113.155 - - [02/Feb/2022:07:23:26 +0000] "GET /images/bg_4.jpg HTTP/2.0" 200 30154 "https://team01.pizza.pub.lab.nm.ifi.lmu.de/css/style.css" "Mozilla/5.0 (Windows NT 10.0; Win64; x64; rv:80.0) Gecko/20100101 Firefox/80.0"
93.104.113.155 - - [02/Feb/2022:07:23:26 +0000] "GET /images/food.png HTTP/2.0" 200 5656 "https://team01.pizza.pub.lab.nm.ifi.lmu.de/css/style.css" "Mozilla/5.0 (Windows NT 10.0; Win64; x64; rv:80.0) Gecko/20100101 Firefox/80.0"
93.104.113.155 - - [02/Feb/2022:07:23:26 +0000] "GET /images/pizza-1.jpg HTTP/2.0" 200 118620 "https://team01.pizza.pub.lab.nm.ifi.lmu.de/" "Mozilla/5.0 (Windows NT 10.0; Win64; x64; rv:80.0) Gecko/20100101 Firefox/80.0"
93.104.113.155 - - [02/Feb/2022:07:23:26 +0000] "GET /images/pizza-2.jpg HTTP/2.0" 200 115008 "https://team01.pizza.pub.lab.nm.ifi.lmu.de/" "Mozilla/5.0 (Windows NT 10.0; Win64; x64; rv:80.0) Gecko/20100101 Firefox/80.0"
93.104.113.155 - - [02/Feb/2022:07:23:26 +0000] "GET /images/pizza-3.jpg HTTP/2.0" 200 104481 "https://team01.pizza.pub.lab.nm.ifi.lmu.de/" "Mozilla/5.0 (Windows NT 10.0; Win64; x64; rv:80.0) Gecko/20100101 Firefox/80.0"
93.104.113.155 - - [02/Feb/2022:07:23:26 +0000] "GET /images/pizza-4.jpg HTTP/2.0" 200 168777 "https://team01.pizza.pub.lab.nm.ifi.lmu.de/" "Mozilla/5.0 (Windows NT 10.0; Win64; x64; rv:80.0) Gecko/20100101 Firefox/80.0"
93.104.113.155 - - [02/Feb/2022:07:23:26 +0000] "GET /images/pizza-6.jpg HTTP/2.0" 200 155329 "https://team01.pizza.pub.lab.nm.ifi.lmu.de/" "Mozilla/5.0 (Windows NT 10.0; Win64; x64; rv:80.0) Gecko/20100101 Firefox/80.0"
93.104.113.155 - - [02/Feb/2022:07:23:26 +0000] "GET /images/pizza-7.jpg HTTP/2.0" 200 243067 "https://team01.pizza.pub.lab.nm.ifi.lmu.de/" "Mozilla/5.0 (Windows NT 10.0; Win64; x64; rv:80.0) Gecko/20100101 Firefox/80.0"
93.104.113.155 - - [02/Feb/2022:07:23:26 +0000] "GET /images/pizza-5.jpg HTTP/2.0" 200 124253 "https://team01.pizza.pub.lab.nm.ifi.lmu.de/" "Mozilla/5.0 (Windows NT 10.0; Win64; x64; rv:80.0) Gecko/20100101 Firefox/80.0"
